Drill report for DMH_Dual_VCA_Mk3_PCB_Controls.kicad_pcb
Created on 2026-06-20T13:48:03

Copper Layer Stackup:
    =============================================================
    L1 :  F.Cu                      front
    L2 :  B.Cu                      back


Drill file 'DMH_Dual_VCA_Mk3_PCB_Controls-PTH-drl.gbr' contains
    plated through holes:
    =============================================================
    T1  0.800mm  0.0315"  (62 holes))
    T2  0.900mm  0.0354"  (4 holes))
    T3  1.000mm  0.0394"  (56 holes))
    T4  1.100mm  0.0433"  (6 holes)  (with 6 slots)
    T5  1.800mm  0.0709"  (12 holes))
    T6  2.000mm  0.0787"  (8 holes)  (with 8 slots)

    Total plated holes count 148


Drill file 'DMH_Dual_VCA_Mk3_PCB_Controls-NPTH-drl.gbr' contains
    unplated through holes:
    =============================================================

    Total unplated holes count 0
