Drill report for DMH_Dual_VCA_Mk3_PANEL.kicad_pcb
Created on 2026-06-20T13:33:51

Copper Layer Stackup:
    =============================================================
    L1 :  F.Cu                      front
    L2 :  B.Cu                      back


Drill file 'DMH_Dual_VCA_Mk3_PANEL-PTH-drl.gbr' contains
    plated through holes:
    =============================================================
    T1  0.300mm  0.0118"  (72 holes))
    T2  1.000mm  0.0394"  (2 holes)  (with 2 slots)
    T3  1.200mm  0.0472"  (1 hole)  (with 1 slot)
    T4  2.400mm  0.0945"  (2 holes))
    T5  3.200mm  0.1260"  (4 holes))
    T6  6.400mm  0.2520"  (2 holes))

    Total plated holes count 83


Drill file 'DMH_Dual_VCA_Mk3_PANEL-NPTH-drl.gbr' contains
    unplated through holes:
    =============================================================
    T1  3.100mm  0.1220"  (2 holes))

    Total unplated holes count 2
